["/a-mieszkania-i-domy-sprzedam-i-kupie/krakow/bli%C5%BAniak-libert%C3%B3w-139-2-m2-wysoki-standard-nowoczesna-architektura/1002296826340911378471509","/a-mieszkania-i-domy-sprzedam-i-kupie/krakow/na-sprzeda%C5%BC-kamienica-po-generalnym-remoncie-+-plac-bohater%C3%B3w-getta-stare-podg%C3%B3rze/1003155600370911318589509","/a-mieszkania-i-domy-sprzedam-i-kupie/krakow/mikro+kawalerka-najtaniej-w-krakowie/1002230608970910935056509","/a-mieszkania-i-domy-sprzedam-i-kupie/krakow/mieszkanie-krak%C3%B3w-%C5%9Br%C3%B3dmie%C5%9Bcie-47m2-nr-bs4+ms+225070/1003167508090911250094109","/a-mieszkania-i-domy-sprzedam-i-kupie/krakow/mieszkanie-krak%C3%B3w-krowodrza-52m2-nr-bs4+ms+225014/1003167508080911250094109","/a-mieszkania-i-domy-sprzedam-i-kupie/krakow/olsza-+-przestronne-trzypokojowe-ul-ciepli%C5%84skiego/1003167014780910469739509","/a-mieszkania-i-domy-sprzedam-i-kupie/krakow/mieszkanie-krak%C3%B3w-bronowice-80-88m2-nr-bs2+ms+225080/1003167414530911250094109","/a-mieszkania-i-domy-sprzedam-i-kupie/krakow/mieszkanie-krak%C3%B3w-bronowice-32-62m2-nr-bs2+ms+208089/1003167508070911250094109","/a-mieszkania-i-domy-sprzedam-i-kupie/krakow/mieszkanie-krak%C3%B3w-bronowice-48-67m2-nr-bs2+ms+208024/1003167499170911250094109","/a-mieszkania-i-domy-sprzedam-i-kupie/krakow/mieszkanie-krak%C3%B3w-podg%C3%B3rze-duchackie-35m2-nr-bs1+ms+224905/1003167489220911250094109","/a-mieszkania-i-domy-sprzedam-i-kupie/krakow/mieszkanie-krak%C3%B3w-%C5%9Br%C3%B3dmie%C5%9Bcie-95-5m2-nr-bs1+ms+224240/1003167499160911250094109","/a-mieszkania-i-domy-sprzedam-i-kupie/krakow/nowa-inwestycja-borek-fa%C5%82%C4%99cki/1003166995670911295815009","/a-mieszkania-i-domy-sprzedam-i-kupie/krakow/przestronne-mieszkanie-kazimierza-wielkiego/1003166984890911295815009","/a-mieszkania-i-domy-sprzedam-i-kupie/krakow/pr%C4%85dnik-czerwony-mistrzejowice-2-pok-42m-nowe-budownictwo-balkon/1003167126520911441651009","/a-mieszkania-i-domy-sprzedam-i-kupie/krakow/grzeg%C3%B3rzki-d%C4%85bie-4-oddzielne-pokoje-na-ostatnim-pi%C4%99trze-nowe-budownictwo-80-mkw/1003167097530911441651009","/a-mieszkania-i-domy-sprzedam-i-kupie/krakow/grzeg%C3%B3rzki-d%C4%85bie-3-pok-64-m-z-jasn%C4%85-kuchni%C4%85-nowe-budownictwo-winda/1003167108700911441651009","/a-mieszkania-i-domy-sprzedam-i-kupie/krakow/grzeg%C3%B3rzki-d%C4%85bie-3-pokoje-z-jasn%C4%85-kuchni%C4%85-do-wej%C5%9Bcia-1-pi%C4%99tro/1003167126490911441651009","/a-mieszkania-i-domy-sprzedam-i-kupie/krakow/trzy-niezale%C5%BCne-pokoje/1003167338620910468471909","/a-mieszkania-i-domy-sprzedam-i-kupie/krakow/dwupoziomowe-z-kominkiem-200m2-%C5%9Br%C3%B3dmie%C5%9Bcie-%C5%9Bliczna/1003167063590911262035009","/a-mieszkania-i-domy-sprzedam-i-kupie/krakow/west-house-%C5%BCabiniec-al-29-listopada-krowodrza/1003167188900911160560009","/a-mieszkania-i-domy-sprzedam-i-kupie/krakow/west-house-sosnowiecka-ikea-bronowice/1003167489030911160560009","/a-mieszkania-i-domy-sprzedam-i-kupie/krakow/west-house-sosnowiecka-ikea-bronowice/1003167414360911160560009","/a-mieszkania-i-domy-sprzedam-i-kupie/krakow/west-house-opalowa-z%C5%82ocieniowa-bie%C5%BCan%C3%B3w+prokocim/1003167188890911160560009"]
